**********************
Windows PowerShell transcript start
Start time: 20260416223013
Username: BORYS-PC\borys
RunAs User: BORYS-PC\borys
Configuration Name: 
Machine: BORYS-PC (Microsoft Windows NT 10.0.22631.0)
Host Application: C:\WINDOWS\System32\WindowsPowerShell\v1.0\powershell.exe
Process ID: 25276
PSVersion: 5.1.22621.4391
PSEdition: Desktop
PSCompatibleVersions: 1.0, 2.0, 3.0, 4.0, 5.0, 5.1.22621.4391
BuildVersion: 10.0.22621.4391
CLRVersion: 4.0.30319.42000
WSManStackVersion: 3.0
PSRemotingProtocolVersion: 2.3
SerializationVersion: 1.1.0.1
**********************
Building frontend...
dist/assets/KaTeX_Main-Regular-B22Nviop.woff2          26.27 kB
dist/assets/KaTeX_Typewriter-Regular-D3Ib7_Hf.ttf      27.56 kB
dist/assets/KaTeX_AMS-Regular-BQhdFMY1.woff2           28.08 kB
dist/assets/KaTeX_Main-Bold-Jm3AIy58.woff              29.91 kB
dist/assets/KaTeX_Main-Regular-Dr94JaBh.woff           30.77 kB
dist/assets/KaTeX_Math-BoldItalic-B3XSjfu4.ttf         31.20 kB
dist/assets/KaTeX_Math-Italic-flOr_0UB.ttf             31.31 kB
dist/assets/KaTeX_Main-BoldItalic-DzxPMmG6.ttf         32.97 kB
dist/assets/KaTeX_AMS-Regular-DMm9YOAa.woff            33.52 kB
dist/assets/KaTeX_Main-Italic-3WenGoN9.ttf             33.58 kB
dist/assets/KaTeX_Main-Bold-waoOVXN0.ttf               51.34 kB
dist/assets/KaTeX_Main-Regular-ypZvNtVU.ttf            53.58 kB
dist/assets/KaTeX_AMS-Regular-DRggAlZN.ttf             63.63 kB
dist/assets/index-BCvBwcdN.css                         41.08 kB │ gzip:  11.03 kB
dist/assets/purify.es-B5CD4DQe.js                      22.90 kB │ gzip:   8.84 kB
dist/assets/index-C5ixW-6c.js                          82.08 kB │ gzip:  24.74 kB
dist/assets/react-KfUPlHYY.js                         141.00 kB │ gzip:  45.31 kB
dist/assets/index.es-0BerPeKF.js                      150.79 kB │ gzip:  51.60 kB
dist/assets/html2canvas.esm-CBrSDip1.js               201.42 kB │ gzip:  48.03 kB
dist/assets/katex-CjHiWPWQ.js                         255.97 kB │ gzip:  76.92 kB
dist/assets/jspdf.es.min-BPtlQ_hH.js                  390.32 kB │ gzip: 128.75 kB
✓ built in 2.57s

Starting app at http://127.0.0.1:8000
Stop with Ctrl+C
Logs folder: C:\Users\borys\Documents\New project\logs
Session log: C:\Users\borys\Documents\New project\logs\powershell-start-20260416-223013.log

