**********************
Windows PowerShell transcript start
Start time: 20260416223438
Username: BORYS-PC\borys
RunAs User: BORYS-PC\borys
Configuration Name: 
Machine: BORYS-PC (Microsoft Windows NT 10.0.22631.0)
Host Application: powershell -NoLogo -NoProfile -ExecutionPolicy Bypass -File C:\Users\borys\Documents\New project\run.ps1
Process ID: 25344
PSVersion: 5.1.22621.4391
PSEdition: Desktop
PSCompatibleVersions: 1.0, 2.0, 3.0, 4.0, 5.0, 5.1.22621.4391
BuildVersion: 10.0.22621.4391
CLRVersion: 4.0.30319.42000
WSManStackVersion: 3.0
PSRemotingProtocolVersion: 2.3
SerializationVersion: 1.1.0.1
**********************
Upgrading pip...
Requirement already satisfied: pip in c:\users\borys\documents\new project\.venv\lib\site-packages (25.0.1)
Installing backend requirements...
Requirement already satisfied: packaging in c:\users\borys\documents\new project\.venv\lib\site-packages (from pytest==8
.3.5->-r C:\Users\borys\Documents\New project\backend\\requirements.txt (line 6)) (26.0)
Requirement already satisfied: pluggy<2,>=1.5 in c:\users\borys\documents\new project\.venv\lib\site-packages (from pyte
st==8.3.5->-r C:\Users\borys\Documents\New project\backend\\requirements.txt (line 6)) (1.5.0)
Requirement already satisfied: tomli>=1 in c:\users\borys\documents\new project\.venv\lib\site-packages (from pytest==8.
3.5->-r C:\Users\borys\Documents\New project\backend\\requirements.txt (line 6)) (2.4.1)
Requirement already satisfied: anyio in c:\users\borys\documents\new project\.venv\lib\site-packages (from httpx==0.27.2
->-r C:\Users\borys\Documents\New project\backend\\requirements.txt (line 7)) (4.5.2)
Requirement already satisfied: certifi in c:\users\borys\documents\new project\.venv\lib\site-packages (from httpx==0.27
.2->-r C:\Users\borys\Documents\New project\backend\\requirements.txt (line 7)) (2026.2.25)
Requirement already satisfied: httpcore==1.* in c:\users\borys\documents\new project\.venv\lib\site-packages (from httpx
==0.27.2->-r C:\Users\borys\Documents\New project\backend\\requirements.txt (line 7)) (1.0.9)
Requirement already satisfied: idna in c:\users\borys\documents\new project\.venv\lib\site-packages (from httpx==0.27.2-
>-r C:\Users\borys\Documents\New project\backend\\requirements.txt (line 7)) (3.11)
Requirement already satisfied: sniffio in c:\users\borys\documents\new project\.venv\lib\site-packages (from httpx==0.27
.2->-r C:\Users\borys\Documents\New project\backend\\requirements.txt (line 7)) (1.3.1)
Requirement already satisfied: httptools>=0.5.0 in c:\users\borys\documents\new project\.venv\lib\site-packages (from uv
icorn[standard]==0.29.0->-r C:\Users\borys\Documents\New project\backend\\requirements.txt (line 2)) (0.6.4)
Requirement already satisfied: python-dotenv>=0.13 in c:\users\borys\documents\new project\.venv\lib\site-packages (from
 uvicorn[standard]==0.29.0->-r C:\Users\borys\Documents\New project\backend\\requirements.txt (line 2)) (1.0.1)
Requirement already satisfied: pyyaml>=5.1 in c:\users\borys\documents\new project\.venv\lib\site-packages (from uvicorn
[standard]==0.29.0->-r C:\Users\borys\Documents\New project\backend\\requirements.txt (line 2)) (6.0.3)
Requirement already satisfied: watchfiles>=0.13 in c:\users\borys\documents\new project\.venv\lib\site-packages (from uv
icorn[standard]==0.29.0->-r C:\Users\borys\Documents\New project\backend\\requirements.txt (line 2)) (0.24.0)
Requirement already satisfied: websockets>=10.4 in c:\users\borys\documents\new project\.venv\lib\site-packages (from uv
icorn[standard]==0.29.0->-r C:\Users\borys\Documents\New project\backend\\requirements.txt (line 2)) (13.1)
Installing frontend dependencies...

Building frontend...

WARNING: Port 8000 is already in use by python (PID 16008). Starting this instance on port 8001 instead.

Starting app at http://127.0.0.1:8001
Stop with Ctrl+C
Logs folder: C:\Users\borys\Documents\New project\logs
Session log: C:\Users\borys\Documents\New project\logs\powershell-start-20260416-223438.log

