**********************
Windows PowerShell transcript start
Start time: 20260415154516
Username: BORYS-PC\borys
RunAs User: BORYS-PC\borys
Configuration Name: 
Machine: BORYS-PC (Microsoft Windows NT 10.0.22631.0)
Host Application: C:\WINDOWS\System32\WindowsPowerShell\v1.0\powershell.exe
Process ID: 21804
PSVersion: 5.1.22621.4391
PSEdition: Desktop
PSCompatibleVersions: 1.0, 2.0, 3.0, 4.0, 5.0, 5.1.22621.4391
BuildVersion: 10.0.22621.4391
CLRVersion: 4.0.30319.42000
WSManStackVersion: 3.0
PSRemotingProtocolVersion: 2.3
SerializationVersion: 1.1.0.1
**********************
Upgrading pip...
Requirement already satisfied: pip in c:\users\borys\documents\new project\.venv\lib\site-packages (25.0.1)
Installing backend requirements...
Requirement already satisfied: anyio in c:\users\borys\documents\new project\.venv\lib\site-packages (from httpx==0.27.2
->-r C:\Users\borys\Documents\New project\backend\\requirements.txt (line 7)) (4.5.2)
Requirement already satisfied: certifi in c:\users\borys\documents\new project\.venv\lib\site-packages (from httpx==0.27
.2->-r C:\Users\borys\Documents\New project\backend\\requirements.txt (line 7)) (2026.2.25)
Requirement already satisfied: httpcore==1.* in c:\users\borys\documents\new project\.venv\lib\site-packages (from httpx
==0.27.2->-r C:\Users\borys\Documents\New project\backend\\requirements.txt (line 7)) (1.0.9)
Requirement already satisfied: idna in c:\users\borys\documents\new project\.venv\lib\site-packages (from httpx==0.27.2-
>-r C:\Users\borys\Documents\New project\backend\\requirements.txt (line 7)) (3.11)
Requirement already satisfied: sniffio in c:\users\borys\documents\new project\.venv\lib\site-packages (from httpx==0.27
.2->-r C:\Users\borys\Documents\New project\backend\\requirements.txt (line 7)) (1.3.1)
Requirement already satisfied: httptools>=0.5.0 in c:\users\borys\documents\new project\.venv\lib\site-packages (from uv
icorn[standard]==0.29.0->-r C:\Users\borys\Documents\New project\backend\\requirements.txt (line 2)) (0.6.4)
Requirement already satisfied: python-dotenv>=0.13 in c:\users\borys\documents\new project\.venv\lib\site-packages (from
 uvicorn[standard]==0.29.0->-r C:\Users\borys\Documents\New project\backend\\requirements.txt (line 2)) (1.0.1)
Requirement already satisfied: pyyaml>=5.1 in c:\users\borys\documents\new project\.venv\lib\site-packages (from uvicorn
[standard]==0.29.0->-r C:\Users\borys\Documents\New project\backend\\requirements.txt (line 2)) (6.0.3)
Requirement already satisfied: watchfiles>=0.13 in c:\users\borys\documents\new project\.venv\lib\site-packages (from uv
icorn[standard]==0.29.0->-r C:\Users\borys\Documents\New project\backend\\requirements.txt (line 2)) (0.24.0)
Requirement already satisfied: websockets>=10.4 in c:\users\borys\documents\new project\.venv\lib\site-packages (from uv
icorn[standard]==0.29.0->-r C:\Users\borys\Documents\New project\backend\\requirements.txt (line 2)) (13.1)
Installing frontend dependencies...

Building frontend...


Starting app at http://127.0.0.1:8000
Stop with Ctrl+C
Logs folder: C:\Users\borys\Documents\New project\logs

python.exe : INFO:     Started server process [36340]
At C:\Users\borys\Documents\New project\run.ps1:95 char:5
+     & $pythonExe -m uvicorn app.main:app --app-dir (Join-Path $root " ...
+     ~~~~~~~~~~~~~~~~~~~~~~~~~~~~~~~~~~~~~~~~~~~~~~~~~~~~~~~~~~~~~~~~~
    + CategoryInfo          : NotSpecified: (INFO:     Started server process [36340]:String) [], RemoteException
    + FullyQualifiedErrorId : NativeCommandError

INFO:     Waiting for application startup.
INFO:     Application startup complete.
ERROR:    [Errno 10048] error while attempting to bind on address ('127.0.0.1', 8000): tylko jedno u┐ycie ka┐dego adres
u gniazda (protokˇ│/adres sieciowy/port) jest normalnie dozwolone
INFO:     Waiting for application shutdown.
INFO:     Application shutdown complete.
**********************
Windows PowerShell transcript end
End time: 20260415154532
**********************
