[19.04.2026 11:53:15,21] Workspace: C:\Users\borys\Documents\New project\
[19.04.2026 11:53:15,22] Mode: install
[19.04.2026 11:53:15,33] Upgrading pip...
Requirement already satisfied: pip in c:\users\borys\documents\new project\.venv\lib\site-packages (25.0.1)
[19.04.2026 11:53:15,90] Installing backend requirements...
Requirement already satisfied: fastapi==0.109.2 in c:\users\borys\documents\new project\.venv\lib\site-packages (from -r C:\Users\borys\Documents\New project\backend\requirements.txt (line 1)) (0.109.2)
Requirement already satisfied: uvicorn==0.29.0 in c:\users\borys\documents\new project\.venv\lib\site-packages (from uvicorn[standard]==0.29.0->-r C:\Users\borys\Documents\New project\backend\requirements.txt (line 2)) (0.29.0)
Requirement already satisfied: sympy==1.13.1 in c:\users\borys\documents\new project\.venv\lib\site-packages (from -r C:\Users\borys\Documents\New project\backend\requirements.txt (line 3)) (1.13.1)
Requirement already satisfied: numpy==1.24.4 in c:\users\borys\documents\new project\.venv\lib\site-packages (from -r C:\Users\borys\Documents\New project\backend\requirements.txt (line 4)) (1.24.4)
Requirement already satisfied: pydantic==2.6.4 in c:\users\borys\documents\new project\.venv\lib\site-packages (from -r C:\Users\borys\Documents\New project\backend\requirements.txt (line 5)) (2.6.4)
Requirement already satisfied: pytest==8.3.5 in c:\users\borys\documents\new project\.venv\lib\site-packages (from -r C:\Users\borys\Documents\New project\backend\requirements.txt (line 6)) (8.3.5)
Requirement already satisfied: httpx==0.27.2 in c:\users\borys\documents\new project\.venv\lib\site-packages (from -r C:\Users\borys\Documents\New project\backend\requirements.txt (line 7)) (0.27.2)
Requirement already satisfied: starlette<0.37.0,>=0.36.3 in c:\users\borys\documents\new project\.venv\lib\site-packages (from fastapi==0.109.2->-r C:\Users\borys\Documents\New project\backend\requirements.txt (line 1)) (0.36.3)
Requirement already satisfied: typing-extensions>=4.8.0 in c:\users\borys\documents\new project\.venv\lib\site-packages (from fastapi==0.109.2->-r C:\Users\borys\Documents\New project\backend\requirements.txt (line 1)) (4.13.2)
Requirement already satisfied: click>=7.0 in c:\users\borys\documents\new project\.venv\lib\site-packages (from uvicorn==0.29.0->uvicorn[standard]==0.29.0->-r C:\Users\borys\Documents\New project\backend\requirements.txt (line 2)) (8.1.8)
Requirement already satisfied: h11>=0.8 in c:\users\borys\documents\new project\.venv\lib\site-packages (from uvicorn==0.29.0->uvicorn[standard]==0.29.0->-r C:\Users\borys\Documents\New project\backend\requirements.txt (line 2)) (0.16.0)
Requirement already satisfied: mpmath<1.4,>=1.1.0 in c:\users\borys\documents\new project\.venv\lib\site-packages (from sympy==1.13.1->-r C:\Users\borys\Documents\New project\backend\requirements.txt (line 3)) (1.3.0)
Requirement already satisfied: annotated-types>=0.4.0 in c:\users\borys\documents\new project\.venv\lib\site-packages (from pydantic==2.6.4->-r C:\Users\borys\Documents\New project\backend\requirements.txt (line 5)) (0.7.0)
Requirement already satisfied: pydantic-core==2.16.3 in c:\users\borys\documents\new project\.venv\lib\site-packages (from pydantic==2.6.4->-r C:\Users\borys\Documents\New project\backend\requirements.txt (line 5)) (2.16.3)
Requirement already satisfied: colorama in c:\users\borys\documents\new project\.venv\lib\site-packages (from pytest==8.3.5->-r C:\Users\borys\Documents\New project\backend\requirements.txt (line 6)) (0.4.6)
Requirement already satisfied: exceptiongroup>=1.0.0rc8 in c:\users\borys\documents\new project\.venv\lib\site-packages (from pytest==8.3.5->-r C:\Users\borys\Documents\New project\backend\requirements.txt (line 6)) (1.3.1)
Requirement already satisfied: iniconfig in c:\users\borys\documents\new project\.venv\lib\site-packages (from pytest==8.3.5->-r C:\Users\borys\Documents\New project\backend\requirements.txt (line 6)) (2.1.0)
Requirement already satisfied: packaging in c:\users\borys\documents\new project\.venv\lib\site-packages (from pytest==8.3.5->-r C:\Users\borys\Documents\New project\backend\requirements.txt (line 6)) (26.0)
Requirement already satisfied: pluggy<2,>=1.5 in c:\users\borys\documents\new project\.venv\lib\site-packages (from pytest==8.3.5->-r C:\Users\borys\Documents\New project\backend\requirements.txt (line 6)) (1.5.0)
Requirement already satisfied: tomli>=1 in c:\users\borys\documents\new project\.venv\lib\site-packages (from pytest==8.3.5->-r C:\Users\borys\Documents\New project\backend\requirements.txt (line 6)) (2.4.1)
Requirement already satisfied: anyio in c:\users\borys\documents\new project\.venv\lib\site-packages (from httpx==0.27.2->-r C:\Users\borys\Documents\New project\backend\requirements.txt (line 7)) (4.5.2)
Requirement already satisfied: certifi in c:\users\borys\documents\new project\.venv\lib\site-packages (from httpx==0.27.2->-r C:\Users\borys\Documents\New project\backend\requirements.txt (line 7)) (2026.2.25)
Requirement already satisfied: httpcore==1.* in c:\users\borys\documents\new project\.venv\lib\site-packages (from httpx==0.27.2->-r C:\Users\borys\Documents\New project\backend\requirements.txt (line 7)) (1.0.9)
Requirement already satisfied: idna in c:\users\borys\documents\new project\.venv\lib\site-packages (from httpx==0.27.2->-r C:\Users\borys\Documents\New project\backend\requirements.txt (line 7)) (3.11)
Requirement already satisfied: sniffio in c:\users\borys\documents\new project\.venv\lib\site-packages (from httpx==0.27.2->-r C:\Users\borys\Documents\New project\backend\requirements.txt (line 7)) (1.3.1)
Requirement already satisfied: httptools>=0.5.0 in c:\users\borys\documents\new project\.venv\lib\site-packages (from uvicorn[standard]==0.29.0->-r C:\Users\borys\Documents\New project\backend\requirements.txt (line 2)) (0.6.4)
Requirement already satisfied: python-dotenv>=0.13 in c:\users\borys\documents\new project\.venv\lib\site-packages (from uvicorn[standard]==0.29.0->-r C:\Users\borys\Documents\New project\backend\requirements.txt (line 2)) (1.0.1)
Requirement already satisfied: pyyaml>=5.1 in c:\users\borys\documents\new project\.venv\lib\site-packages (from uvicorn[standard]==0.29.0->-r C:\Users\borys\Documents\New project\backend\requirements.txt (line 2)) (6.0.3)
Requirement already satisfied: watchfiles>=0.13 in c:\users\borys\documents\new project\.venv\lib\site-packages (from uvicorn[standard]==0.29.0->-r C:\Users\borys\Documents\New project\backend\requirements.txt (line 2)) (0.24.0)
Requirement already satisfied: websockets>=10.4 in c:\users\borys\documents\new project\.venv\lib\site-packages (from uvicorn[standard]==0.29.0->-r C:\Users\borys\Documents\New project\backend\requirements.txt (line 2)) (13.1)
[19.04.2026 11:53:16,39] Installing frontend dependencies...

up to date, audited 211 packages in 1s

32 packages are looking for funding
  run `npm fund` for details

5 moderate severity vulnerabilities

To address all issues (including breaking changes), run:
  npm audit fix --force

Run `npm audit` for details.
[19.04.2026 11:53:17,70] Building frontend...

> scientific-cas-calculator@1.0.0 build
> tsc -b && vite build

[36mvite v5.4.21 [32mbuilding for production...[36m[39m
transforming...
[32m✓[39m 433 modules transformed.
rendering chunks...
computing gzip size...
[2mdist/[22m[32mindex.html                                       [39m[1m[2m  0.56 kB[22m[1m[22m[2m │ gzip:   0.32 kB[22m
[2mdist/[22m[32massets/KaTeX_Size3-Regular-CTq5MqoE.woff         [39m[1m[2m  4.42 kB[22m[1m[22m
[2mdist/[22m[32massets/KaTeX_Size4-Regular-Dl5lxZxV.woff2        [39m[1m[2m  4.93 kB[22m[1m[22m
[2mdist/[22m[32massets/KaTeX_Size2-Regular-Dy4dx90m.woff2        [39m[1m[2m  5.21 kB[22m[1m[22m
[2mdist/[22m[32massets/KaTeX_Size1-Regular-mCD8mA8B.woff2        [39m[1m[2m  5.47 kB[22m[1m[22m
[2mdist/[22m[32massets/KaTeX_Size4-Regular-BF-4gkZK.woff         [39m[1m[2m  5.98 kB[22m[1m[22m
[2mdist/[22m[32massets/KaTeX_Size2-Regular-oD1tc_U0.woff         [39m[1m[2m  6.19 kB[22m[1m[22m
[2mdist/[22m[32massets/KaTeX_Size1-Regular-C195tn64.woff         [39m[1m[2m  6.50 kB[22m[1m[22m
[2mdist/[22m[32massets/KaTeX_Caligraphic-Regular-Di6jR-x-.woff2  [39m[1m[2m  6.91 kB[22m[1m[22m
[2mdist/[22m[32massets/KaTeX_Caligraphic-Bold-Dq_IR9rO.woff2     [39m[1m[2m  6.91 kB[22m[1m[22m
[2mdist/[22m[32massets/KaTeX_Size3-Regular-DgpXs0kz.ttf          [39m[1m[2m  7.59 kB[22m[1m[22m
[2mdist/[22m[32massets/KaTeX_Caligraphic-Regular-CTRA-rTL.woff   [39m[1m[2m  7.66 kB[22m[1m[22m
[2mdist/[22m[32massets/KaTeX_Caligraphic-Bold-BEiXGLvX.woff      [39m[1m[2m  7.72 kB[22m[1m[22m
[2mdist/[22m[32massets/KaTeX_Script-Regular-D3wIWfF6.woff2       [39m[1m[2m  9.64 kB[22m[1m[22m
[2mdist/[22m[32massets/KaTeX_SansSerif-Regular-DDBCnlJ7.woff2    [39m[1m[2m 10.34 kB[22m[1m[22m
[2mdist/[22m[32massets/KaTeX_Size4-Regular-DWFBv043.ttf          [39m[1m[2m 10.36 kB[22m[1m[22m
[2mdist/[22m[32massets/KaTeX_Script-Regular-D5yQViql.woff        [39m[1m[2m 10.59 kB[22m[1m[22m
[2mdist/[22m[32massets/KaTeX_Fraktur-Regular-CTYiF6lA.woff2      [39m[1m[2m 11.32 kB[22m[1m[22m
[2mdist/[22m[32massets/KaTeX_Fraktur-Bold-CL6g_b3V.woff2         [39m[1m[2m 11.35 kB[22m[1m[22m
[2mdist/[22m[32massets/KaTeX_Size2-Regular-B7gKUWhC.ttf          [39m[1m[2m 11.51 kB[22m[1m[22m
[2mdist/[22m[32massets/KaTeX_SansSerif-Italic-C3H0VqGB.woff2     [39m[1m[2m 12.03 kB[22m[1m[22m
[2mdist/[22m[32massets/KaTeX_SansSerif-Bold-D1sUS0GD.woff2       [39m[1m[2m 12.22 kB[22m[1m[22m
[2mdist/[22m[32massets/KaTeX_Size1-Regular-Dbsnue_I.ttf          [39m[1m[2m 12.23 kB[22m[1m[22m
[2mdist/[22m[32massets/KaTeX_SansSerif-Regular-CS6fqUqJ.woff     [39m[1m[2m 12.32 kB[22m[1m[22m
[2mdist/[22m[32massets/KaTeX_Caligraphic-Regular-wX97UBjC.ttf    [39m[1m[2m 12.34 kB[22m[1m[22m
[2mdist/[22m[32massets/KaTeX_Caligraphic-Bold-ATXxdsX0.ttf       [39m[1m[2m 12.37 kB[22m[1m[22m
[2mdist/[22m[32massets/KaTeX_Fraktur-Regular-Dxdc4cR9.woff       [39m[1m[2m 13.21 kB[22m[1m[22m
[2mdist/[22m[32massets/KaTeX_Fraktur-Bold-BsDP51OF.woff          [39m[1m[2m 13.30 kB[22m[1m[22m
[2mdist/[22m[32massets/KaTeX_Typewriter-Regular-CO6r4hn1.woff2   [39m[1m[2m 13.57 kB[22m[1m[22m
[2mdist/[22m[32massets/KaTeX_SansSerif-Italic-DN2j7dab.woff      [39m[1m[2m 14.11 kB[22m[1m[22m
[2mdist/[22m[32massets/KaTeX_SansSerif-Bold-DbIhKOiC.woff        [39m[1m[2m 14.41 kB[22m[1m[22m
[2mdist/[22m[32massets/KaTeX_Typewriter-Regular-C0xS9mPB.woff    [39m[1m[2m 16.03 kB[22m[1m[22m
[2mdist/[22m[32massets/KaTeX_Math-BoldItalic-CZnvNsCZ.woff2      [39m[1m[2m 16.40 kB[22m[1m[22m
[2mdist/[22m[32massets/KaTeX_Math-Italic-t53AETM-.woff2          [39m[1m[2m 16.44 kB[22m[1m[22m
[2mdist/[22m[32massets/KaTeX_Script-Regular-C5JkGWo-.ttf         [39m[1m[2m 16.65 kB[22m[1m[22m
[2mdist/[22m[32massets/KaTeX_Main-BoldItalic-DxDJ3AOS.woff2      [39m[1m[2m 16.78 kB[22m[1m[22m
[2mdist/[22m[32massets/KaTeX_Main-Italic-NWA7e6Wa.woff2          [39m[1m[2m 16.99 kB[22m[1m[22m
[2mdist/[22m[32massets/KaTeX_Math-BoldItalic-iY-2wyZ7.woff       [39m[1m[2m 18.67 kB[22m[1m[22m
[2mdist/[22m[32massets/KaTeX_Math-Italic-DA0__PXp.woff           [39m[1m[2m 18.75 kB[22m[1m[22m
[2mdist/[22m[32massets/KaTeX_Main-BoldItalic-SpSLRI95.woff       [39m[1m[2m 19.41 kB[22m[1m[22m
[2mdist/[22m[32massets/KaTeX_SansSerif-Regular-BNo7hRIc.ttf      [39m[1m[2m 19.44 kB[22m[1m[22m
[2mdist/[22m[32massets/KaTeX_Fraktur-Regular-CB_wures.ttf        [39m[1m[2m 19.57 kB[22m[1m[22m
[2mdist/[22m[32massets/KaTeX_Fraktur-Bold-BdnERNNW.ttf           [39m[1m[2m 19.58 kB[22m[1m[22m
[2mdist/[22m[32massets/KaTeX_Main-Italic-BMLOBm91.woff           [39m[1m[2m 19.68 kB[22m[1m[22m
[2mdist/[22m[32massets/KaTeX_SansSerif-Italic-YYjJ1zSn.ttf       [39m[1m[2m 22.36 kB[22m[1m[22m
[2mdist/[22m[32massets/KaTeX_SansSerif-Bold-CFMepnvq.ttf         [39m[1m[2m 24.50 kB[22m[1m[22m
[2mdist/[22m[32massets/KaTeX_Main-Bold-Cx986IdX.woff2            [39m[1m[2m 25.32 kB[22m[1m[22m
[2mdist/[22m[32massets/KaTeX_Main-Regular-B22Nviop.woff2         [39m[1m[2m 26.27 kB[22m[1m[22m
[2mdist/[22m[32massets/KaTeX_Typewriter-Regular-D3Ib7_Hf.ttf     [39m[1m[2m 27.56 kB[22m[1m[22m
[2mdist/[22m[32massets/KaTeX_AMS-Regular-BQhdFMY1.woff2          [39m[1m[2m 28.08 kB[22m[1m[22m
[2mdist/[22m[32massets/KaTeX_Main-Bold-Jm3AIy58.woff             [39m[1m[2m 29.91 kB[22m[1m[22m
[2mdist/[22m[32massets/KaTeX_Main-Regular-Dr94JaBh.woff          [39m[1m[2m 30.77 kB[22m[1m[22m
[2mdist/[22m[32massets/KaTeX_Math-BoldItalic-B3XSjfu4.ttf        [39m[1m[2m 31.20 kB[22m[1m[22m
[2mdist/[22m[32massets/KaTeX_Math-Italic-flOr_0UB.ttf            [39m[1m[2m 31.31 kB[22m[1m[22m
[2mdist/[22m[32massets/KaTeX_Main-BoldItalic-DzxPMmG6.ttf        [39m[1m[2m 32.97 kB[22m[1m[22m
[2mdist/[22m[32massets/KaTeX_AMS-Regular-DMm9YOAa.woff           [39m[1m[2m 33.52 kB[22m[1m[22m
[2mdist/[22m[32massets/KaTeX_Main-Italic-3WenGoN9.ttf            [39m[1m[2m 33.58 kB[22m[1m[22m
[2mdist/[22m[32massets/KaTeX_Main-Bold-waoOVXN0.ttf              [39m[1m[2m 51.34 kB[22m[1m[22m
[2mdist/[22m[32massets/KaTeX_Main-Regular-ypZvNtVU.ttf           [39m[1m[2m 53.58 kB[22m[1m[22m
[2mdist/[22m[32massets/KaTeX_AMS-Regular-DRggAlZN.ttf            [39m[1m[2m 63.63 kB[22m[1m[22m
[2mdist/[22m[35massets/index-V30P3lDl.css                        [39m[1m[2m 41.04 kB[22m[1m[22m[2m │ gzip:  11.02 kB[22m
[2mdist/[22m[36massets/purify.es-B5CD4DQe.js                     [39m[1m[2m 22.90 kB[22m[1m[22m[2m │ gzip:   8.84 kB[22m
[2mdist/[22m[36massets/index-CSJ1Ly0g.js                         [39m[1m[2m 81.17 kB[22m[1m[22m[2m │ gzip:  24.49 kB[22m
[2mdist/[22m[36massets/react-KfUPlHYY.js                         [39m[1m[2m141.00 kB[22m[1m[22m[2m │ gzip:  45.31 kB[22m
[2mdist/[22m[36massets/index.es-Cc8kEj7c.js                      [39m[1m[2m150.79 kB[22m[1m[22m[2m │ gzip:  51.60 kB[22m
[2mdist/[22m[36massets/html2canvas.esm-CBrSDip1.js               [39m[1m[2m201.42 kB[22m[1m[22m[2m │ gzip:  48.03 kB[22m
[2mdist/[22m[36massets/katex-CjHiWPWQ.js                         [39m[1m[2m255.97 kB[22m[1m[22m[2m │ gzip:  76.92 kB[22m
[2mdist/[22m[36massets/jspdf.es.min-BYMGJ4AN.js                  [39m[1m[2m390.32 kB[22m[1m[22m[2m │ gzip: 128.75 kB[22m
[32m✓ built in 2.49s[39m
[19.04.2026 11:53:22,06] Port 8000 is already in use. Looking for a free port...
[19.04.2026 11:53:22,12] Starting app at http://127.0.0.1:8002
[19.04.2026 11:53:22,12] Logs file: C:\Users\borys\Documents\New project\logs\startup-20260419-115315.log
INFO:     Started server process [2660]
INFO:     Waiting for application startup.
INFO:     Application startup complete.
INFO:     Uvicorn running on http://127.0.0.1:8002 (Press CTRL+C to quit)
